Copyright 1986-2018 Xilinx, Inc. All Rights Reserved.
------------------------------------------------------------------------------------
| Tool Version : Vivado v.2018.3 (win64) Build 2405991 Thu Dec  6 23:38:27 MST 2018
| Date         : Thu May  5 20:14:54 2022
| Host         : Laptop-HarmonyOs running 64-bit major release  (build 9200)
| Command      : report_control_sets -verbose -file top_control_sets_placed.rpt
| Design       : top
| Device       : xc7a100t
------------------------------------------------------------------------------------

Control Set Information

Table of Contents
-----------------
1. Summary
2. Histogram
3. Flip-Flop Distribution
4. Detailed Control Set Information

1. Summary
----------

+----------------------------------------------------------+-------+
|                          Status                          | Count |
+----------------------------------------------------------+-------+
| Number of unique control sets                            |    10 |
| Unused register locations in slices containing registers |    44 |
+----------------------------------------------------------+-------+


2. Histogram
------------

+--------+--------------+
| Fanout | Control Sets |
+--------+--------------+
|      1 |            1 |
|      8 |            1 |
|     10 |            1 |
|     12 |            2 |
|    16+ |            5 |
+--------+--------------+


3. Flip-Flop Distribution
-------------------------

+--------------+-----------------------+------------------------+-----------------+--------------+
| Clock Enable | Synchronous Set/Reset | Asynchronous Set/Reset | Total Registers | Total Slices |
+--------------+-----------------------+------------------------+-----------------+--------------+
| No           | No                    | No                     |              20 |            5 |
| No           | No                    | Yes                    |             186 |           85 |
| No           | Yes                   | No                     |               0 |            0 |
| Yes          | No                    | No                     |              20 |            8 |
| Yes          | No                    | Yes                    |              28 |           10 |
| Yes          | Yes                   | No                     |              30 |            9 |
+--------------+-----------------------+------------------------+-----------------+--------------+


4. Detailed Control Set Information
-----------------------------------

+----------------------+--------------------------------+-------------------+------------------+----------------+
|     Clock Signal     |          Enable Signal         |  Set/Reset Signal | Slice Load Count | Bel Load Count |
+----------------------+--------------------------------+-------------------+------------------+----------------+
| ~CLK100MHZ_IBUF_BUFG | BTNL_IBUF                      | mips/dp/r2M/SR[0] |                1 |              1 |
| ~CLK100MHZ_IBUF_BUFG | mips/dp/r2M/q_reg[7]_0[0]      |                   |                3 |              8 |
|  CLK100MHZ_IBUF_BUFG | mips/dp/r2D/E[0]               | BTNC_IBUF         |                4 |             10 |
| ~CLK100MHZ_IBUF_BUFG | mips/dp/r2M/q_reg[3]_0[0]      | BTNC_IBUF         |                4 |             12 |
| ~CLK100MHZ_IBUF_BUFG | dmemDecoder/io/led[11]_i_1_n_0 |                   |                5 |             12 |
| ~CLK100MHZ_IBUF_BUFG | BTNR_IBUF                      | BTNC_IBUF         |                4 |             17 |
|  CLK100MHZ_IBUF_BUFG | mips/dp/r2D/q[29]_i_1_n_0      | BTNC_IBUF         |                6 |             18 |
|  CLK100MHZ_IBUF_BUFG |                                |                   |                5 |             20 |
| ~CLK100MHZ_IBUF_BUFG | mips/c/regW/q_reg[1]_0[0]      |                   |               12 |             96 |
|  CLK100MHZ_IBUF_BUFG |                                | BTNC_IBUF         |               85 |            186 |
+----------------------+--------------------------------+-------------------+------------------+----------------+


